17:50:41 **** Incremental Build of configuration Debug for project MainMicro ****
make -j8 all 
arm-none-eabi-gcc "../Core/Src/main.c" -mcpu=cortex-m0 -std=gnu11 -g3 -DDEBUG -DUSE_HAL_DRIVER -DSTM32F091xC -c -I../Core/Inc -I../Drivers/STM32F0xx_HAL_Driver/Inc -I../Drivers/STM32F0xx_HAL_Driver/Inc/Legacy -I../Drivers/CMSIS/Device/ST/STM32F0xx/Include -I../Drivers/CMSIS/Include -O0 -ffunction-sections -fdata-sections -Wall -fstack-usage -fcyclomatic-complexity -MMD -MP -MF"Core/Src/main.d" -MT"Core/Src/main.o" --specs=nano.specs -mfloat-abi=soft -mthumb -o "Core/Src/main.o"
../Core/Src/main.c: In function 'HAL_GPIO_EXTI_Callback':
../Core/Src/main.c:434:25: warning: pointer targets in passing argument 1 of 'sprintf' differ in signedness [-Wpointer-sign]
  434 |                 sprintf(score_read, "%d\n\r", player1score);
      |                         ^~~~~~~~~~
      |                         |
      |                         uint8_t * {aka unsigned char *}
In file included from ../Core/Src/main.c:21:
C:\ST\STM32CubeIDE_1.13.1\STM32CubeIDE\plugins\com.st.stm32cube.ide.mcu.externaltools.gnu-tools-for-stm32.11.3.rel1.win32_1.1.0.202305231506\tools\bin/../lib/gcc/arm-none-eabi/11.3.1/../../../../arm-none-eabi/include/stdio.h:254:18: note: expected 'char * restrict' but argument is of type 'uint8_t *' {aka 'unsigned char *'}
  254 | int     sprintf (char *__restrict, const char *__restrict, ...)
      |                  ^
../Core/Src/main.c:441:25: warning: pointer targets in passing argument 1 of 'sprintf' differ in signedness [-Wpointer-sign]
  441 |                 sprintf(score_read, "%d\n\r", player2score);
      |                         ^~~~~~~~~~
      |                         |
      |                         uint8_t * {aka unsigned char *}
In file included from ../Core/Src/main.c:21:
C:\ST\STM32CubeIDE_1.13.1\STM32CubeIDE\plugins\com.st.stm32cube.ide.mcu.externaltools.gnu-tools-for-stm32.11.3.rel1.win32_1.1.0.202305231506\tools\bin/../lib/gcc/arm-none-eabi/11.3.1/../../../../arm-none-eabi/include/stdio.h:254:18: note: expected 'char * restrict' but argument is of type 'uint8_t *' {aka 'unsigned char *'}
  254 | int     sprintf (char *__restrict, const char *__restrict, ...)
      |                  ^
../Core/Src/main.c: In function 'map_speed':
../Core/Src/main.c:458:5: warning: type of 'speed_data' defaults to 'int' [-Wimplicit-int]
  458 | int map_speed(speed_data)
      |     ^~~~~~~~~
../Core/Src/main.c: In function 'HAL_UART_RxCpltCallback':
../Core/Src/main.c:474:26: warning: pointer targets in passing argument 1 of 'remove_all_chars' differ in signedness [-Wpointer-sign]
  474 |         remove_all_chars(rxdata, 'b');
      |                          ^~~~~~
      |                          |
      |                          uint8_t * {aka unsigned char *}
../Core/Src/main.c:448:29: note: expected 'char *' but argument is of type 'uint8_t *' {aka 'unsigned char *'}
  448 | void remove_all_chars(char* str, char c)
      |                       ~~~~~~^~~
../Core/Src/main.c:475:26: warning: pointer targets in passing argument 1 of 'remove_all_chars' differ in signedness [-Wpointer-sign]
  475 |         remove_all_chars(rxdata, '\'');
      |                          ^~~~~~
      |                          |
      |                          uint8_t * {aka unsigned char *}
../Core/Src/main.c:448:29: note: expected 'char *' but argument is of type 'uint8_t *' {aka 'unsigned char *'}
  448 | void remove_all_chars(char* str, char c)
      |                       ~~~~~~^~~
../Core/Src/main.c:476:23: warning: pointer targets in passing argument 1 of 'strstr' differ in signedness [-Wpointer-sign]
  476 |         sign = strstr(rxdata, "-");
      |                       ^~~~~~
      |                       |
      |                       uint8_t * {aka unsigned char *}
In file included from ../Core/Src/main.c:22:
C:\ST\STM32CubeIDE_1.13.1\STM32CubeIDE\plugins\com.st.stm32cube.ide.mcu.externaltools.gnu-tools-for-stm32.11.3.rel1.win32_1.1.0.202305231506\tools\bin/../lib/gcc/arm-none-eabi/11.3.1/../../../../arm-none-eabi/include/string.h:48:18: note: expected 'const char *' but argument is of type 'uint8_t *' {aka 'unsigned char *'}
   48 | char    *strstr (const char *, const char *);
      |                  ^~~~~~~~~~~~
arm-none-eabi-gcc -o "MainMicro.elf" @"objects.list"   -mcpu=cortex-m0 -T"C:\Users\ahaluska\STM32CubeIDE\workspace_1.13.1\Main Micro Code\STM32F091RCTX_FLASH.ld" --specs=nosys.specs -Wl,-Map="MainMicro.map" -Wl,--gc-sections -static --specs=nano.specs -mfloat-abi=soft -mthumb -Wl,--start-group -lc -lm -Wl,--end-group
Finished building target: MainMicro.elf
 
arm-none-eabi-size   MainMicro.elf 
arm-none-eabi-objdump -h -S  MainMicro.elf  > "MainMicro.list"
arm-none-eabi-objcopy  -O ihex  MainMicro.elf  "MainMicro.hex"
   text	   data	    bss	    dec	    hex	filename
  21496	    164	   2268	  23928	   5d78	MainMicro.elf
Finished building: default.size.stdout
 
Finished building: MainMicro.hex
 
Finished building: MainMicro.list
 
17:50:48 **** Incremental Build of configuration Debug for project MainMicro ****
make -j8 all 
arm-none-eabi-gcc "../Core/Src/main.c" -mcpu=cortex-m0 -std=gnu11 -g3 -DDEBUG -DUSE_HAL_DRIVER -DSTM32F091xC -c -I../Core/Inc -I../Drivers/STM32F0xx_HAL_Driver/Inc -I../Drivers/STM32F0xx_HAL_Driver/Inc/Legacy -I../Drivers/CMSIS/Device/ST/STM32F0xx/Include -I../Drivers/CMSIS/Include -O0 -ffunction-sections -fdata-sections -Wall -fstack-usage -fcyclomatic-complexity -MMD -MP -MF"Core/Src/main.d" -MT"Core/Src/main.o" --specs=nano.specs -mfloat-abi=soft -mthumb -o "Core/Src/main.o"
../Core/Src/main.c: In function 'HAL_GPIO_EXTI_Callback':
../Core/Src/main.c:434:25: warning: pointer targets in passing argument 1 of 'sprintf' differ in signedness [-Wpointer-sign]
  434 |                 sprintf(score_read, "%d\n\r", player1score);
      |                         ^~~~~~~~~~
      |                         |
      |                         uint8_t * {aka unsigned char *}
In file included from ../Core/Src/main.c:21:
C:\ST\STM32CubeIDE_1.13.1\STM32CubeIDE\plugins\com.st.stm32cube.ide.mcu.externaltools.gnu-tools-for-stm32.11.3.rel1.win32_1.1.0.202305231506\tools\bin/../lib/gcc/arm-none-eabi/11.3.1/../../../../arm-none-eabi/include/stdio.h:254:18: note: expected 'char * restrict' but argument is of type 'uint8_t *' {aka 'unsigned char *'}
  254 | int     sprintf (char *__restrict, const char *__restrict, ...)
      |                  ^
../Core/Src/main.c:441:25: warning: pointer targets in passing argument 1 of 'sprintf' differ in signedness [-Wpointer-sign]
  441 |                 sprintf(score_read, "%d\n\r", player2score);
      |                         ^~~~~~~~~~
      |                         |
      |                         uint8_t * {aka unsigned char *}
In file included from ../Core/Src/main.c:21:
C:\ST\STM32CubeIDE_1.13.1\STM32CubeIDE\plugins\com.st.stm32cube.ide.mcu.externaltools.gnu-tools-for-stm32.11.3.rel1.win32_1.1.0.202305231506\tools\bin/../lib/gcc/arm-none-eabi/11.3.1/../../../../arm-none-eabi/include/stdio.h:254:18: note: expected 'char * restrict' but argument is of type 'uint8_t *' {aka 'unsigned char *'}
  254 | int     sprintf (char *__restrict, const char *__restrict, ...)
      |                  ^
../Core/Src/main.c: In function 'map_speed':
../Core/Src/main.c:458:5: warning: type of 'speed_data' defaults to 'int' [-Wimplicit-int]
  458 | int map_speed(speed_data)
      |     ^~~~~~~~~
../Core/Src/main.c: In function 'HAL_UART_RxCpltCallback':
../Core/Src/main.c:474:26: warning: pointer targets in passing argument 1 of 'remove_all_chars' differ in signedness [-Wpointer-sign]
  474 |         remove_all_chars(rxdata, 'b');
      |                          ^~~~~~
      |                          |
      |                          uint8_t * {aka unsigned char *}
../Core/Src/main.c:448:29: note: expected 'char *' but argument is of type 'uint8_t *' {aka 'unsigned char *'}
  448 | void remove_all_chars(char* str, char c)
      |                       ~~~~~~^~~
../Core/Src/main.c:475:26: warning: pointer targets in passing argument 1 of 'remove_all_chars' differ in signedness [-Wpointer-sign]
  475 |         remove_all_chars(rxdata, '\'');
      |                          ^~~~~~
      |                          |
      |                          uint8_t * {aka unsigned char *}
../Core/Src/main.c:448:29: note: expected 'char *' but argument is of type 'uint8_t *' {aka 'unsigned char *'}
  448 | void remove_all_chars(char* str, char c)
      |                       ~~~~~~^~~
../Core/Src/main.c:476:23: warning: pointer targets in passing argument 1 of 'strstr' differ in signedness [-Wpointer-sign]
  476 |         sign = strstr(rxdata, "-");
      |                       ^~~~~~
      |                       |
      |                       uint8_t * {aka unsigned char *}
In file included from ../Core/Src/main.c:22:
C:\ST\STM32CubeIDE_1.13.1\STM32CubeIDE\plugins\com.st.stm32cube.ide.mcu.externaltools.gnu-tools-for-stm32.11.3.rel1.win32_1.1.0.202305231506\tools\bin/../lib/gcc/arm-none-eabi/11.3.1/../../../../arm-none-eabi/include/string.h:48:18: note: expected 'const char *' but argument is of type 'uint8_t *' {aka 'unsigned char *'}
   48 | char    *strstr (const char *, const char *);
      |                  ^~~~~~~~~~~~
arm-none-eabi-gcc -o "MainMicro.elf" @"objects.list"   -mcpu=cortex-m0 -T"C:\Users\ahaluska\STM32CubeIDE\workspace_1.13.1\Main Micro Code\STM32F091RCTX_FLASH.ld" --specs=nosys.specs -Wl,-Map="MainMicro.map" -Wl,--gc-sections -static --specs=nano.specs -mfloat-abi=soft -mthumb -Wl,--start-group -lc -lm -Wl,--end-group
Finished building target: MainMicro.elf
 
arm-none-eabi-size   MainMicro.elf 
arm-none-eabi-objdump -h -S  MainMicro.elf  > "MainMicro.list"
arm-none-eabi-objcopy  -O ihex  MainMicro.elf  "MainMicro.hex"
   text	   data	    bss	    dec	    hex	filename
  21496	    164	   2268	  23928	   5d78	MainMicro.elf
Finished building: default.size.stdout
 
Finished building: MainMicro.list
 
Finished building: MainMicro.hex
 
17:51:15 **** Incremental Build of configuration Debug for project MainMicro ****
make -j8 all 
arm-none-eabi-size   MainMicro.elf 
   text	   data	    bss	    dec	    hex	filename
  21496	    164	   2268	  23928	   5d78	MainMicro.elf
Finished building: default.size.stdout
 
17:57:24 **** Incremental Build of configuration Debug for project MainMicro ****
make -j8 all 
arm-none-eabi-gcc "../Core/Src/main.c" -mcpu=cortex-m0 -std=gnu11 -g3 -DDEBUG -DUSE_HAL_DRIVER -DSTM32F091xC -c -I../Core/Inc -I../Drivers/STM32F0xx_HAL_Driver/Inc -I../Drivers/STM32F0xx_HAL_Driver/Inc/Legacy -I../Drivers/CMSIS/Device/ST/STM32F0xx/Include -I../Drivers/CMSIS/Include -O0 -ffunction-sections -fdata-sections -Wall -fstack-usage -fcyclomatic-complexity -MMD -MP -MF"Core/Src/main.d" -MT"Core/Src/main.o" --specs=nano.specs -mfloat-abi=soft -mthumb -o "Core/Src/main.o"
../Core/Src/main.c: In function 'HAL_GPIO_EXTI_Callback':
../Core/Src/main.c:434:25: warning: pointer targets in passing argument 1 of 'sprintf' differ in signedness [-Wpointer-sign]
  434 |                 sprintf(score_read, "%d\n\r", player1score);
      |                         ^~~~~~~~~~
      |                         |
      |                         uint8_t * {aka unsigned char *}
In file included from ../Core/Src/main.c:21:
C:\ST\STM32CubeIDE_1.13.1\STM32CubeIDE\plugins\com.st.stm32cube.ide.mcu.externaltools.gnu-tools-for-stm32.11.3.rel1.win32_1.1.0.202305231506\tools\bin/../lib/gcc/arm-none-eabi/11.3.1/../../../../arm-none-eabi/include/stdio.h:254:18: note: expected 'char * restrict' but argument is of type 'uint8_t *' {aka 'unsigned char *'}
  254 | int     sprintf (char *__restrict, const char *__restrict, ...)
      |                  ^
../Core/Src/main.c:441:25: warning: pointer targets in passing argument 1 of 'sprintf' differ in signedness [-Wpointer-sign]
  441 |                 sprintf(score_read, "%d\n\r", player2score);
      |                         ^~~~~~~~~~
      |                         |
      |                         uint8_t * {aka unsigned char *}
In file included from ../Core/Src/main.c:21:
C:\ST\STM32CubeIDE_1.13.1\STM32CubeIDE\plugins\com.st.stm32cube.ide.mcu.externaltools.gnu-tools-for-stm32.11.3.rel1.win32_1.1.0.202305231506\tools\bin/../lib/gcc/arm-none-eabi/11.3.1/../../../../arm-none-eabi/include/stdio.h:254:18: note: expected 'char * restrict' but argument is of type 'uint8_t *' {aka 'unsigned char *'}
  254 | int     sprintf (char *__restrict, const char *__restrict, ...)
      |                  ^
../Core/Src/main.c: In function 'map_speed':
../Core/Src/main.c:458:5: warning: type of 'speed_data' defaults to 'int' [-Wimplicit-int]
  458 | int map_speed(speed_data)
      |     ^~~~~~~~~
../Core/Src/main.c: In function 'HAL_UART_RxCpltCallback':
../Core/Src/main.c:476:26: warning: pointer targets in passing argument 1 of 'remove_all_chars' differ in signedness [-Wpointer-sign]
  476 |         remove_all_chars(rxdata, 'b');
      |                          ^~~~~~
      |                          |
      |                          uint8_t * {aka unsigned char *}
../Core/Src/main.c:448:29: note: expected 'char *' but argument is of type 'uint8_t *' {aka 'unsigned char *'}
  448 | void remove_all_chars(char* str, char c)
      |                       ~~~~~~^~~
../Core/Src/main.c:477:26: warning: pointer targets in passing argument 1 of 'remove_all_chars' differ in signedness [-Wpointer-sign]
  477 |         remove_all_chars(rxdata, '\'');
      |                          ^~~~~~
      |                          |
      |                          uint8_t * {aka unsigned char *}
../Core/Src/main.c:448:29: note: expected 'char *' but argument is of type 'uint8_t *' {aka 'unsigned char *'}
  448 | void remove_all_chars(char* str, char c)
      |                       ~~~~~~^~~
../Core/Src/main.c:478:23: warning: pointer targets in passing argument 1 of 'strstr' differ in signedness [-Wpointer-sign]
  478 |         sign = strstr(rxdata, "-");
      |                       ^~~~~~
      |                       |
      |                       uint8_t * {aka unsigned char *}
In file included from ../Core/Src/main.c:22:
C:\ST\STM32CubeIDE_1.13.1\STM32CubeIDE\plugins\com.st.stm32cube.ide.mcu.externaltools.gnu-tools-for-stm32.11.3.rel1.win32_1.1.0.202305231506\tools\bin/../lib/gcc/arm-none-eabi/11.3.1/../../../../arm-none-eabi/include/string.h:48:18: note: expected 'const char *' but argument is of type 'uint8_t *' {aka 'unsigned char *'}
   48 | char    *strstr (const char *, const char *);
      |                  ^~~~~~~~~~~~
arm-none-eabi-gcc -o "MainMicro.elf" @"objects.list"   -mcpu=cortex-m0 -T"C:\Users\ahaluska\STM32CubeIDE\workspace_1.13.1\Main Micro Code\STM32F091RCTX_FLASH.ld" --specs=nosys.specs -Wl,-Map="MainMicro.map" -Wl,--gc-sections -static --specs=nano.specs -mfloat-abi=soft -mthumb -Wl,--start-group -lc -lm -Wl,--end-group
Finished building target: MainMicro.elf
 
arm-none-eabi-size   MainMicro.elf 
arm-none-eabi-objdump -h -S  MainMicro.elf  > "MainMicro.list"
arm-none-eabi-objcopy  -O ihex  MainMicro.elf  "MainMicro.hex"
   text	   data	    bss	    dec	    hex	filename
  21496	    164	   2268	  23928	   5d78	MainMicro.elf
Finished building: default.size.stdout
 
Finished building: MainMicro.hex
 
Finished building: MainMicro.list
 
18:10:23 **** Incremental Build of configuration Debug for project MainMicro ****
make -j8 all 
arm-none-eabi-size   MainMicro.elf 
   text	   data	    bss	    dec	    hex	filename
  21496	    164	   2268	  23928	   5d78	MainMicro.elf
Finished building: default.size.stdout
 
18:10:51 **** Incremental Build of configuration Debug for project MainMicro ****
make -j8 all 
arm-none-eabi-size   MainMicro.elf 
   text	   data	    bss	    dec	    hex	filename
  21496	    164	   2268	  23928	   5d78	MainMicro.elf
Finished building: default.size.stdout
 
18:13:15 **** Incremental Build of configuration Debug for project MainMicro ****
make -j8 all 
arm-none-eabi-size   MainMicro.elf 
   text	   data	    bss	    dec	    hex	filename
  21496	    164	   2268	  23928	   5d78	MainMicro.elf
Finished building: default.size.stdout
 
18:14:42 **** Incremental Build of configuration Debug for project MainMicro ****
make -j8 all 
arm-none-eabi-size   MainMicro.elf 
   text	   data	    bss	    dec	    hex	filename
  21496	    164	   2268	  23928	   5d78	MainMicro.elf
Finished building: default.size.stdout
 
18:16:12 **** Incremental Build of configuration Debug for project MainMicro ****
make -j8 all 
arm-none-eabi-size   MainMicro.elf 
   text	   data	    bss	    dec	    hex	filename
  21496	    164	   2268	  23928	   5d78	MainMicro.elf
Finished building: default.size.stdout
 
18:17:52 **** Incremental Build of configuration Debug for project MainMicro ****
make -j8 all 
arm-none-eabi-size   MainMicro.elf 
   text	   data	    bss	    dec	    hex	filename
  21496	    164	   2268	  23928	   5d78	MainMicro.elf
Finished building: default.size.stdout
 
